<?xml version="1.0" encoding="utf-8"?>
<TestRun id="bddc51ad-4092-4a43-9ff6-b23a8e86882a" name="mrmra@MR 2026-08-19 17:42:51" runUser="MR\mrmra" xmlns="http://microsoft.com/schemas/VisualStudio/TeamTest/2010">
  <Times creation="2026-08-19T17:42:51.0360100+05:30" queuing="2026-08-19T17:42:51.0360103+05:30" start="2026-08-19T17:42:45.6480260+05:30" finish="2026-08-19T17:42:53.3787679+05:30" />
  <TestSettings name="default" id="1cbd37b5-ca8c-4e36-86e6-19fa6e54646f">
    <Deployment runDeploymentRoot="mrmra_MR_2026-08-19_17_42_51" />
  </TestSettings>
  <Results>
    <UnitTestResult executionId="c703e9f8-5722-49ee-9b91-0dc91e58b3e7" testId="c67c975d-bb58-a798-59b2-a2489b6664a4" testName="TeaOnlineShop.Tests.AiAndSecurityTests.OperationalImport_RejectsClearlyLabelledResearchProvenance" computerName="MR" duration="00:00:00.0698897" startTime="2026-08-19T17:42:51.0063677+05:30" endTime="2026-08-19T17:42:51.0063678+05:30" testType="13cdc9d9-ddb5-4fa4-a97d-d965ccfc6d4b" outcome="Passed" testListId="8c84fa94-04c1-424b-9868-57a2d4851a1d" relativeResultsDirectory="c703e9f8-5722-49ee-9b91-0dc91e58b3e7" />
    <UnitTestResult executionId="66b5ceba-26fb-42c5-b82f-f21a29557e14" testId="c6f8414f-7234-35df-8f9e-745810fca4f4" testName="TeaOnlineShop.Tests.AiAndSecurityTests.DemandHistoryCoverage_RequiresTheCompleteInputWindow" computerName="MR" duration="00:00:00.0001649" startTime="2026-08-19T17:42:52.7843481+05:30" endTime="2026-08-19T17:42:52.7843482+05:30" testType="13cdc9d9-ddb5-4fa4-a97d-d965ccfc6d4b" outcome="Passed" testListId="8c84fa94-04c1-424b-9868-57a2d4851a1d" relativeResultsDirectory="66b5ceba-26fb-42c5-b82f-f21a29557e14" />
    <UnitTestResult executionId="6862a71a-8e11-44a5-8d96-1f247fdc2286" testId="23bec9a7-3548-c964-6eb3-604d2785bba8" testName="TeaOnlineShop.Tests.SubmissionHardeningTests.PythonRequirements_ArePresentAndPinned" computerName="MR" duration="00:00:00.0022257" startTime="2026-08-19T17:42:51.0061560+05:30" endTime="2026-08-19T17:42:51.0061561+05:30" testType="13cdc9d9-ddb5-4fa4-a97d-d965ccfc6d4b" outcome="Passed" testListId="8c84fa94-04c1-424b-9868-57a2d4851a1d" relativeResultsDirectory="6862a71a-8e11-44a5-8d96-1f247fdc2286" />
    <UnitTestResult executionId="cdfabb07-d851-42ec-a7fe-dd23a5b04208" testId="f0f807fe-a9be-313d-796f-a14ec00ce69c" testName="TeaOnlineShop.Tests.SubmissionHardeningTests.DemandPage_DoesNotOfferAClientControlledDataSource" computerName="MR" duration="00:00:00.0650869" startTime="2026-08-19T17:42:51.0038078+05:30" endTime="2026-08-19T17:42:51.0038234+05:30" testType="13cdc9d9-ddb5-4fa4-a97d-d965ccfc6d4b" outcome="Passed" testListId="8c84fa94-04c1-424b-9868-57a2d4851a1d" relativeResultsDirectory="cdfabb07-d851-42ec-a7fe-dd23a5b04208" />
    <UnitTestResult executionId="c5c7d819-c70e-4bcc-8c0a-549944771cb9" testId="af97da3c-280c-a687-c045-a0c6dac82f57" testName="TeaOnlineShop.Tests.AiAndSecurityTests.OperationalImport_NormalizesMassToKilograms(unit: &quot;g&quot;, expectedText: &quot;0.0125&quot;)" computerName="MR" duration="00:00:00.0001008" startTime="2026-08-19T17:42:51.0268068+05:30" endTime="2026-08-19T17:42:51.0268069+05:30" testType="13cdc9d9-ddb5-4fa4-a97d-d965ccfc6d4b" outcome="Passed" testListId="8c84fa94-04c1-424b-9868-57a2d4851a1d" relativeResultsDirectory="c5c7d819-c70e-4bcc-8c0a-549944771cb9" />
    <UnitTestResult executionId="53398278-22da-4ab6-b9d9-da896b474024" testId="f844be87-543a-026a-d48d-d73d6b2fbc7b" testName="TeaOnlineShop.Tests.AiAndSecurityTests.ResearchDemandSource_ReservesAVisibleSixtyDayHoldout" computerName="MR" duration="00:00:01.7545258" startTime="2026-08-19T17:42:52.7837034+05:30" endTime="2026-08-19T17:42:52.7837037+05:30" testType="13cdc9d9-ddb5-4fa4-a97d-d965ccfc6d4b" outcome="Passed" testListId="8c84fa94-04c1-424b-9868-57a2d4851a1d" relativeResultsDirectory="53398278-22da-4ab6-b9d9-da896b474024" />
    <UnitTestResult executionId="273d8405-a52b-43de-9167-1ba58d7c7d65" testId="649026a6-f1d7-c5dc-af2e-8178b8ac5b4a" testName="TeaOnlineShop.Tests.AiAndSecurityTests.RoleMatrix_SeparatesOperationalAndPrivilegedDuties" computerName="MR" duration="00:00:00.0001405" startTime="2026-08-19T17:42:53.3208966+05:30" endTime="2026-08-19T17:42:53.3208967+05:30" testType="13cdc9d9-ddb5-4fa4-a97d-d965ccfc6d4b" outcome="Passed" testListId="8c84fa94-04c1-424b-9868-57a2d4851a1d" relativeResultsDirectory="273d8405-a52b-43de-9167-1ba58d7c7d65" />
    <UnitTestResult executionId="5d1b438d-964d-4c8d-af83-52a237c00e88" testId="023ca299-517b-d9cb-e31d-43d001db9020" testName="TeaOnlineShop.Tests.AiAndSecurityTests.OperationalImport_RequiresExplicitSourceTimezone(value: &quot;2026-07-14T08:30:00+05:30&quot;, expected: True)" computerName="MR" duration="00:00:00.0000022" startTime="2026-08-19T17:42:51.0262879+05:30" endTime="2026-08-19T17:42:51.0262879+05:30" testType="13cdc9d9-ddb5-4fa4-a97d-d965ccfc6d4b" outcome="Passed" testListId="8c84fa94-04c1-424b-9868-57a2d4851a1d" relativeResultsDirectory="5d1b438d-964d-4c8d-af83-52a237c00e88" />
    <UnitTestResult executionId="e2360e38-70fd-41c6-8483-0d677f78260b" testId="a1c915e2-28ce-3ed4-bbf6-9c8c2b10d5ce" testName="TeaOnlineShop.Tests.AiAndSecurityTests.OperationalImport_HasStableIdempotencyAndReconciliationRules" computerName="MR" duration="00:00:00.0009012" startTime="2026-08-19T17:42:53.3207609+05:30" endTime="2026-08-19T17:42:53.3207610+05:30" testType="13cdc9d9-ddb5-4fa4-a97d-d965ccfc6d4b" outcome="Passed" testListId="8c84fa94-04c1-424b-9868-57a2d4851a1d" relativeResultsDirectory="e2360e38-70fd-41c6-8483-0d677f78260b" />
    <UnitTestResult executionId="ef9a48dc-eb6e-4e50-b56e-03eb06ca5cdb" testId="01f15238-12f0-ee3a-78f2-57f4c3197cf9" testName="TeaOnlineShop.Tests.AiAndSecurityTests.OperationalImport_RequiresExplicitSourceTimezone(value: &quot;2026-07-14T08:30:00Z&quot;, expected: True)" computerName="MR" duration="00:00:00.0002668" startTime="2026-08-19T17:42:51.0210367+05:30" endTime="2026-08-19T17:42:51.0210368+05:30" testType="13cdc9d9-ddb5-4fa4-a97d-d965ccfc6d4b" outcome="Passed" testListId="8c84fa94-04c1-424b-9868-57a2d4851a1d" relativeResultsDirectory="ef9a48dc-eb6e-4e50-b56e-03eb06ca5cdb" />
    <UnitTestResult executionId="b26a21ae-d1eb-4121-9443-c3241814484e" testId="ba269157-4fa6-7bc6-ed86-d34ec7d2e7e3" testName="TeaOnlineShop.Tests.AiAndSecurityTests.Mape_UsesObservedNonZeroActualsOnly" computerName="MR" duration="00:00:00.0032455" startTime="2026-08-19T17:42:53.3136186+05:30" endTime="2026-08-19T17:42:53.3136187+05:30" testType="13cdc9d9-ddb5-4fa4-a97d-d965ccfc6d4b" outcome="Passed" testListId="8c84fa94-04c1-424b-9868-57a2d4851a1d" relativeResultsDirectory="b26a21ae-d1eb-4121-9443-c3241814484e" />
    <UnitTestResult executionId="94fbdd4b-66e8-4eb8-ba2d-777402ce46c8" testId="2487b769-c845-6555-bb94-13c561818066" testName="TeaOnlineShop.Tests.AiAndSecurityTests.OperationalImport_UsesControlledMovementSemantics(name: &quot;SupplierReceipt&quot;, direction: 1, demand: False)" computerName="MR" duration="00:00:00.0001095" startTime="2026-08-19T17:42:51.0264264+05:30" endTime="2026-08-19T17:42:51.0264265+05:30" testType="13cdc9d9-ddb5-4fa4-a97d-d965ccfc6d4b" outcome="Passed" testListId="8c84fa94-04c1-424b-9868-57a2d4851a1d" relativeResultsDirectory="94fbdd4b-66e8-4eb8-ba2d-777402ce46c8" />
    <UnitTestResult executionId="b7dfa20d-3243-49c2-a1a2-630f8b0bcbdd" testId="614f08d9-bf21-27c1-7050-bf132dd16107" testName="TeaOnlineShop.Tests.AiAndSecurityTests.OperationalImport_RequiresExplicitSourceTimezone(value: &quot;2026-07-14 08:30:00&quot;, expected: False)" computerName="MR" duration="00:00:00.0015320" startTime="2026-08-19T17:42:51.0207821+05:30" endTime="2026-08-19T17:42:51.0207822+05:30" testType="13cdc9d9-ddb5-4fa4-a97d-d965ccfc6d4b" outcome="Passed" testListId="8c84fa94-04c1-424b-9868-57a2d4851a1d" relativeResultsDirectory="b7dfa20d-3243-49c2-a1a2-630f8b0bcbdd" />
    <UnitTestResult executionId="6e701950-2944-4d45-8490-429a3c7f45fb" testId="a53c6cbe-bd0c-2267-ed18-9b283b897954" testName="TeaOnlineShop.Tests.AiAndSecurityTests.PublicRegistration_CannotSelectAnInternalRole" computerName="MR" duration="00:00:00.0004547" startTime="2026-08-19T17:42:51.0277971+05:30" endTime="2026-08-19T17:42:51.0277972+05:30" testType="13cdc9d9-ddb5-4fa4-a97d-d965ccfc6d4b" outcome="Passed" testListId="8c84fa94-04c1-424b-9868-57a2d4851a1d" relativeResultsDirectory="6e701950-2944-4d45-8490-429a3c7f45fb" />
    <UnitTestResult executionId="f79e28ab-7f18-4ef8-88c1-be6ca2b2f69e" testId="c4d77826-db46-02b7-260c-b0e2ddf01524" testName="TeaOnlineShop.Tests.AiAndSecurityTests.OperationalImport_UsesControlledMovementSemantics(name: &quot;ProductionUsage&quot;, direction: -1, demand: True)" computerName="MR" duration="00:00:00.0001139" startTime="2026-08-19T17:42:51.0263464+05:30" endTime="2026-08-19T17:42:51.0263464+05:30" testType="13cdc9d9-ddb5-4fa4-a97d-d965ccfc6d4b" outcome="Passed" testListId="8c84fa94-04c1-424b-9868-57a2d4851a1d" relativeResultsDirectory="f79e28ab-7f18-4ef8-88c1-be6ca2b2f69e" />
    <UnitTestResult executionId="d460ff6b-ca08-42ea-b56e-f0c87b1d8b00" testId="86345559-5b1a-0441-fb5d-b60ed5176b4e" testName="TeaOnlineShop.Tests.AiAndSecurityTests.DevelopmentMailSink_WritesTokensOutsideWebRoot" computerName="MR" duration="00:00:00.0188313" startTime="2026-08-19T17:42:53.3399396+05:30" endTime="2026-08-19T17:42:53.3399398+05:30" testType="13cdc9d9-ddb5-4fa4-a97d-d965ccfc6d4b" outcome="Passed" testListId="8c84fa94-04c1-424b-9868-57a2d4851a1d" relativeResultsDirectory="d460ff6b-ca08-42ea-b56e-f0c87b1d8b00" />
    <UnitTestResult executionId="ae4083a4-80e9-4d93-b7f9-aedb6b09dec1" testId="5b1ef181-2d5f-5bc5-57e4-9a8d63ab7924" testName="TeaOnlineShop.Tests.AiAndSecurityTests.EveryAdminController_InheritsTheProtectedAdminBase" computerName="MR" duration="00:00:00.5247775" startTime="2026-08-19T17:42:53.3096319+05:30" endTime="2026-08-19T17:42:53.3096322+05:30" testType="13cdc9d9-ddb5-4fa4-a97d-d965ccfc6d4b" outcome="Passed" testListId="8c84fa94-04c1-424b-9868-57a2d4851a1d" relativeResultsDirectory="ae4083a4-80e9-4d93-b7f9-aedb6b09dec1" />
    <UnitTestResult executionId="72019775-a571-4c5f-9076-03ea815411e6" testId="910ac77e-8059-9adf-379a-5dfb9c3a4342" testName="TeaOnlineShop.Tests.AiAndSecurityTests.DemandForecast_AllowsOnlyDeployedModelHorizons(horizonDays: 60)" computerName="MR" duration="00:00:00.0000756" startTime="2026-08-19T17:42:51.0276894+05:30" endTime="2026-08-19T17:42:51.0276894+05:30" testType="13cdc9d9-ddb5-4fa4-a97d-d965ccfc6d4b" outcome="Passed" testListId="8c84fa94-04c1-424b-9868-57a2d4851a1d" relativeResultsDirectory="72019775-a571-4c5f-9076-03ea815411e6" />
    <UnitTestResult executionId="7daf141c-e2e8-4e1a-8e9b-4e55a5a27f7a" testId="8f4cb7a8-26f2-a8e0-a79b-2cee38194c78" testName="TeaOnlineShop.Tests.AiAndSecurityTests.WarehouseAdjustment_EnforcesTheStricterConfiguredLimit" computerName="MR" duration="00:00:00.0002938" startTime="2026-08-19T17:42:52.7846875+05:30" endTime="2026-08-19T17:42:52.7846878+05:30" testType="13cdc9d9-ddb5-4fa4-a97d-d965ccfc6d4b" outcome="Passed" testListId="8c84fa94-04c1-424b-9868-57a2d4851a1d" relativeResultsDirectory="7daf141c-e2e8-4e1a-8e9b-4e55a5a27f7a" />
    <UnitTestResult executionId="16a6cf26-e947-4050-b39a-b521fbde4b48" testId="4885ba4f-2bb4-66a7-f068-f3cdff9fe0d9" testName="TeaOnlineShop.Tests.SubmissionHardeningTests.Solution_ContainsApplicationAndVerificationProjects" computerName="MR" duration="00:00:00.0003456" startTime="2026-08-19T17:42:51.0059104+05:30" endTime="2026-08-19T17:42:51.0059104+05:30" testType="13cdc9d9-ddb5-4fa4-a97d-d965ccfc6d4b" outcome="Passed" testListId="8c84fa94-04c1-424b-9868-57a2d4851a1d" relativeResultsDirectory="16a6cf26-e947-4050-b39a-b521fbde4b48" />
    <UnitTestResult executionId="6f4d9a9c-6968-4b08-87cc-357bf7f7a50c" testId="74b11720-43e9-da1c-fe5c-c5cd7290c3a3" testName="TeaOnlineShop.Tests.AiAndSecurityTests.OperationalImport_UsesControlledMovementSemantics(name: &quot;Damage&quot;, direction: -1, demand: False)" computerName="MR" duration="00:00:00.0000016" startTime="2026-08-19T17:42:51.0265907+05:30" endTime="2026-08-19T17:42:51.0265907+05:30" testType="13cdc9d9-ddb5-4fa4-a97d-d965ccfc6d4b" outcome="Passed" testListId="8c84fa94-04c1-424b-9868-57a2d4851a1d" relativeResultsDirectory="6f4d9a9c-6968-4b08-87cc-357bf7f7a50c" />
    <UnitTestResult executionId="97b649c4-2149-4037-880c-72df62786f1d" testId="64064fa3-17b7-adcc-c914-88befb77eb8a" testName="TeaOnlineShop.Tests.AiAndSecurityTests.DemandForecast_AllowsOnlyDeployedModelHorizons(horizonDays: 45)" computerName="MR" duration="00:00:00.0002342" startTime="2026-08-19T17:42:51.0276439+05:30" endTime="2026-08-19T17:42:51.0276439+05:30" testType="13cdc9d9-ddb5-4fa4-a97d-d965ccfc6d4b" outcome="Passed" testListId="8c84fa94-04c1-424b-9868-57a2d4851a1d" relativeResultsDirectory="97b649c4-2149-4037-880c-72df62786f1d" />
    <UnitTestResult executionId="0b10c0ba-c9b3-444e-9abe-ca29fbee19d0" testId="da64ce71-b2a4-baf2-1bd5-23d5718bccb6" testName="TeaOnlineShop.Tests.AiAndSecurityTests.InternalRoles_AreDistinctFromCustomerAndRequireMfa" computerName="MR" duration="00:00:00.0007339" startTime="2026-08-19T17:42:53.3104255+05:30" endTime="2026-08-19T17:42:53.3104256+05:30" testType="13cdc9d9-ddb5-4fa4-a97d-d965ccfc6d4b" outcome="Passed" testListId="8c84fa94-04c1-424b-9868-57a2d4851a1d" relativeResultsDirectory="0b10c0ba-c9b3-444e-9abe-ca29fbee19d0" />
    <UnitTestResult executionId="01ad6880-6e34-417d-9120-5366cbce0357" testId="bd86ca26-62c1-15b9-d990-2751df4872aa" testName="TeaOnlineShop.Tests.SubmissionHardeningTests.DatabaseSetup_IsNonDestructive" computerName="MR" duration="00:00:00.0001983" startTime="2026-08-19T17:42:51.0065455+05:30" endTime="2026-08-19T17:42:51.0065456+05:30" testType="13cdc9d9-ddb5-4fa4-a97d-d965ccfc6d4b" outcome="Passed" testListId="8c84fa94-04c1-424b-9868-57a2d4851a1d" relativeResultsDirectory="01ad6880-6e34-417d-9120-5366cbce0357" />
    <UnitTestResult executionId="f9633f7e-4450-4fc8-aeb7-5941badfceac" testId="9ca34ac8-03e0-01fa-5595-b94ee3a3ac5c" testName="TeaOnlineShop.Tests.AiAndSecurityTests.TeaInventoryCreate_RequiresAValidPermanentItemCode" computerName="MR" duration="00:00:00.0060029" startTime="2026-08-19T17:42:53.3197346+05:30" endTime="2026-08-19T17:42:53.3197347+05:30" testType="13cdc9d9-ddb5-4fa4-a97d-d965ccfc6d4b" outcome="Passed" testListId="8c84fa94-04c1-424b-9868-57a2d4851a1d" relativeResultsDirectory="f9633f7e-4450-4fc8-aeb7-5941badfceac" />
    <UnitTestResult executionId="8b771d19-9c0f-4a14-9121-11bde2c2ea88" testId="968ed5c5-b41a-ae43-73a2-36790b8a902f" testName="TeaOnlineShop.Tests.AiAndSecurityTests.OperationalImport_RequiresExplicitSourceTimezone(value: &quot;2026-07-14&quot;, expected: False)" computerName="MR" duration="00:00:00.0000070" startTime="2026-08-19T17:42:51.0262258+05:30" endTime="2026-08-19T17:42:51.0262258+05:30" testType="13cdc9d9-ddb5-4fa4-a97d-d965ccfc6d4b" outcome="Passed" testListId="8c84fa94-04c1-424b-9868-57a2d4851a1d" relativeResultsDirectory="8b771d19-9c0f-4a14-9121-11bde2c2ea88" />
    <UnitTestResult executionId="4d821c09-493c-4e43-b915-7b43cf91eac0" testId="ff3dff08-1ef0-a699-1b62-673949159a52" testName="TeaOnlineShop.Tests.AiAndSecurityTests.WarehouseStaff_CanSubmitButCannotApproveOperationalHistory" computerName="MR" duration="00:00:00.0007486" startTime="2026-08-19T17:42:51.0266795+05:30" endTime="2026-08-19T17:42:51.0266796+05:30" testType="13cdc9d9-ddb5-4fa4-a97d-d965ccfc6d4b" outcome="Passed" testListId="8c84fa94-04c1-424b-9868-57a2d4851a1d" relativeResultsDirectory="4d821c09-493c-4e43-b915-7b43cf91eac0" />
    <UnitTestResult executionId="c36acab7-7ba4-4b19-9231-b5d3df468d29" testId="49862568-b433-0f25-93ae-3e990aa30c5b" testName="TeaOnlineShop.Tests.AiAndSecurityTests.CustomerAccountAndOrderingActions_RequireAuthentication" computerName="MR" duration="00:00:00.0022330" startTime="2026-08-19T17:42:51.0279875+05:30" endTime="2026-08-19T17:42:51.0279876+05:30" testType="13cdc9d9-ddb5-4fa4-a97d-d965ccfc6d4b" outcome="Passed" testListId="8c84fa94-04c1-424b-9868-57a2d4851a1d" relativeResultsDirectory="c36acab7-7ba4-4b19-9231-b5d3df468d29" />
    <UnitTestResult executionId="3c3c0b50-1af9-49ef-acec-4fc540c6d1a5" testId="b16df6ab-e1ff-3c74-8864-6803f05f5bc2" testName="TeaOnlineShop.Tests.SubmissionHardeningTests.OptionalCatalogueSeed_ContainsNoAccountOrWeakPassword" computerName="MR" duration="00:00:00.0002269" startTime="2026-08-19T17:42:51.0061037+05:30" endTime="2026-08-19T17:42:51.0061038+05:30" testType="13cdc9d9-ddb5-4fa4-a97d-d965ccfc6d4b" outcome="Passed" testListId="8c84fa94-04c1-424b-9868-57a2d4851a1d" relativeResultsDirectory="3c3c0b50-1af9-49ef-acec-4fc540c6d1a5" />
    <UnitTestResult executionId="111f0fc9-b924-4605-9840-34ce6462ba54" testId="b69989af-4781-077d-17fc-0cc0d1b09357" testName="TeaOnlineShop.Tests.AiAndSecurityTests.OperationalImport_NormalizesMassToKilograms(unit: &quot;kg&quot;, expectedText: &quot;12.5000&quot;)" computerName="MR" duration="00:00:00.0000036" startTime="2026-08-19T17:42:51.0275771+05:30" endTime="2026-08-19T17:42:51.0275771+05:30" testType="13cdc9d9-ddb5-4fa4-a97d-d965ccfc6d4b" outcome="Passed" testListId="8c84fa94-04c1-424b-9868-57a2d4851a1d" relativeResultsDirectory="111f0fc9-b924-4605-9840-34ce6462ba54" />
    <UnitTestResult executionId="22b43068-1cbb-42d0-bbb9-7a884fe7db0c" testId="e7e04dfe-c408-65a6-7d63-761e5ec1f899" testName="TeaOnlineShop.Tests.AiAndSecurityTests.DemandForecast_AllowsOnlyDeployedModelHorizons(horizonDays: 30)" computerName="MR" duration="00:00:00.0000023" startTime="2026-08-19T17:42:51.0277362+05:30" endTime="2026-08-19T17:42:51.0277362+05:30" testType="13cdc9d9-ddb5-4fa4-a97d-d965ccfc6d4b" outcome="Passed" testListId="8c84fa94-04c1-424b-9868-57a2d4851a1d" relativeResultsDirectory="22b43068-1cbb-42d0-bbb9-7a884fe7db0c" />
    <UnitTestResult executionId="a52a928b-33af-48f4-a934-92793ee80c38" testId="e053a7a9-7c78-f954-0234-ec8a330afef0" testName="TeaOnlineShop.Tests.AiAndSecurityTests.OperationalImport_UsesControlledMovementSemantics(name: &quot;CustomerOrder&quot;, direction: -1, demand: True)" computerName="MR" duration="00:00:00.0000063" startTime="2026-08-19T17:42:51.0265222+05:30" endTime="2026-08-19T17:42:51.0265223+05:30" testType="13cdc9d9-ddb5-4fa4-a97d-d965ccfc6d4b" outcome="Passed" testListId="8c84fa94-04c1-424b-9868-57a2d4851a1d" relativeResultsDirectory="a52a928b-33af-48f4-a934-92793ee80c38" />
    <UnitTestResult executionId="620be484-a237-42a1-acfd-2bf357c27041" testId="a90e2ba4-10df-5298-40f7-1ec8c914fd20" testName="TeaOnlineShop.Tests.AiAndSecurityTests.OperationalImport_NormalizesMassToKilograms(unit: &quot;tonne&quot;, expectedText: &quot;12500.0000&quot;)" computerName="MR" duration="00:00:00.0025247" startTime="2026-08-19T17:42:51.0267556+05:30" endTime="2026-08-19T17:42:51.0267556+05:30" testType="13cdc9d9-ddb5-4fa4-a97d-d965ccfc6d4b" outcome="Passed" testListId="8c84fa94-04c1-424b-9868-57a2d4851a1d" relativeResultsDirectory="620be484-a237-42a1-acfd-2bf357c27041" />
    <UnitTestResult executionId="b0ba0be2-c2b2-49d0-8a87-0c34683eae78" testId="5c5d09b9-d279-7ab8-2421-1fab26066ecd" testName="TeaOnlineShop.Tests.AiAndSecurityTests.DeployedDemandMetadata_DeclaresExpectedArtifactsAndMetrics" computerName="MR" duration="00:00:00.0127799" startTime="2026-08-19T17:42:51.0191656+05:30" endTime="2026-08-19T17:42:51.0191657+05:30" testType="13cdc9d9-ddb5-4fa4-a97d-d965ccfc6d4b" outcome="Passed" testListId="8c84fa94-04c1-424b-9868-57a2d4851a1d" relativeResultsDirectory="b0ba0be2-c2b2-49d0-8a87-0c34683eae78" />
  </Results>
  <TestDefinitions>
    <UnitTest name="TeaOnlineShop.Tests.SubmissionHardeningTests.PythonRequirements_ArePresentAndPinned" storage="c:\users\mrmra\desktop\do-not-submit-smarttea-validation-work\documentationvalidation-20260819-174117\teaonlineshop.tests\bin\release\net8.0\teaonlineshop.tests.dll" id="23bec9a7-3548-c964-6eb3-604d2785bba8">
      <Execution id="6862a71a-8e11-44a5-8d96-1f247fdc2286" />
      <TestMethod codeBase="C:\Users\mrmra\Desktop\DO-NOT-SUBMIT-SmartTea-Validation-Work\DocumentationValidation-20260819-174117\TeaOnlineShop.Tests\bin\Release\net8.0\TeaOnlineShop.Tests.dll" adapterTypeName="executor://xunit/VsTestRunner2/netcoreapp" className="TeaOnlineShop.Tests.SubmissionHardeningTests" name="PythonRequirements_ArePresentAndPinned" />
    </UnitTest>
    <UnitTest name="TeaOnlineShop.Tests.AiAndSecurityTests.OperationalImport_UsesControlledMovementSemantics(name: &quot;SupplierReceipt&quot;, direction: 1, demand: False)" storage="c:\users\mrmra\desktop\do-not-submit-smarttea-validation-work\documentationvalidation-20260819-174117\teaonlineshop.tests\bin\release\net8.0\teaonlineshop.tests.dll" id="2487b769-c845-6555-bb94-13c561818066">
      <Execution id="94fbdd4b-66e8-4eb8-ba2d-777402ce46c8" />
      <TestMethod codeBase="C:\Users\mrmra\Desktop\DO-NOT-SUBMIT-SmartTea-Validation-Work\DocumentationValidation-20260819-174117\TeaOnlineShop.Tests\bin\Release\net8.0\TeaOnlineShop.Tests.dll" adapterTypeName="executor://xunit/VsTestRunner2/netcoreapp" className="TeaOnlineShop.Tests.AiAndSecurityTests" name="OperationalImport_UsesControlledMovementSemantics" />
    </UnitTest>
    <UnitTest name="TeaOnlineShop.Tests.AiAndSecurityTests.ResearchDemandSource_ReservesAVisibleSixtyDayHoldout" storage="c:\users\mrmra\desktop\do-not-submit-smarttea-validation-work\documentationvalidation-20260819-174117\teaonlineshop.tests\bin\release\net8.0\teaonlineshop.tests.dll" id="f844be87-543a-026a-d48d-d73d6b2fbc7b">
      <Execution id="53398278-22da-4ab6-b9d9-da896b474024" />
      <TestMethod codeBase="C:\Users\mrmra\Desktop\DO-NOT-SUBMIT-SmartTea-Validation-Work\DocumentationValidation-20260819-174117\TeaOnlineShop.Tests\bin\Release\net8.0\TeaOnlineShop.Tests.dll" adapterTypeName="executor://xunit/VsTestRunner2/netcoreapp" className="TeaOnlineShop.Tests.AiAndSecurityTests" name="ResearchDemandSource_ReservesAVisibleSixtyDayHoldout" />
    </UnitTest>
    <UnitTest name="TeaOnlineShop.Tests.AiAndSecurityTests.OperationalImport_RequiresExplicitSourceTimezone(value: &quot;2026-07-14&quot;, expected: False)" storage="c:\users\mrmra\desktop\do-not-submit-smarttea-validation-work\documentationvalidation-20260819-174117\teaonlineshop.tests\bin\release\net8.0\teaonlineshop.tests.dll" id="968ed5c5-b41a-ae43-73a2-36790b8a902f">
      <Execution id="8b771d19-9c0f-4a14-9121-11bde2c2ea88" />
      <TestMethod codeBase="C:\Users\mrmra\Desktop\DO-NOT-SUBMIT-SmartTea-Validation-Work\DocumentationValidation-20260819-174117\TeaOnlineShop.Tests\bin\Release\net8.0\TeaOnlineShop.Tests.dll" adapterTypeName="executor://xunit/VsTestRunner2/netcoreapp" className="TeaOnlineShop.Tests.AiAndSecurityTests" name="OperationalImport_RequiresExplicitSourceTimezone" />
    </UnitTest>
    <UnitTest name="TeaOnlineShop.Tests.SubmissionHardeningTests.OptionalCatalogueSeed_ContainsNoAccountOrWeakPassword" storage="c:\users\mrmra\desktop\do-not-submit-smarttea-validation-work\documentationvalidation-20260819-174117\teaonlineshop.tests\bin\release\net8.0\teaonlineshop.tests.dll" id="b16df6ab-e1ff-3c74-8864-6803f05f5bc2">
      <Execution id="3c3c0b50-1af9-49ef-acec-4fc540c6d1a5" />
      <TestMethod codeBase="C:\Users\mrmra\Desktop\DO-NOT-SUBMIT-SmartTea-Validation-Work\DocumentationValidation-20260819-174117\TeaOnlineShop.Tests\bin\Release\net8.0\TeaOnlineShop.Tests.dll" adapterTypeName="executor://xunit/VsTestRunner2/netcoreapp" className="TeaOnlineShop.Tests.SubmissionHardeningTests" name="OptionalCatalogueSeed_ContainsNoAccountOrWeakPassword" />
    </UnitTest>
    <UnitTest name="TeaOnlineShop.Tests.AiAndSecurityTests.Mape_UsesObservedNonZeroActualsOnly" storage="c:\users\mrmra\desktop\do-not-submit-smarttea-validation-work\documentationvalidation-20260819-174117\teaonlineshop.tests\bin\release\net8.0\teaonlineshop.tests.dll" id="ba269157-4fa6-7bc6-ed86-d34ec7d2e7e3">
      <Execution id="b26a21ae-d1eb-4121-9443-c3241814484e" />
      <TestMethod codeBase="C:\Users\mrmra\Desktop\DO-NOT-SUBMIT-SmartTea-Validation-Work\DocumentationValidation-20260819-174117\TeaOnlineShop.Tests\bin\Release\net8.0\TeaOnlineShop.Tests.dll" adapterTypeName="executor://xunit/VsTestRunner2/netcoreapp" className="TeaOnlineShop.Tests.AiAndSecurityTests" name="Mape_UsesObservedNonZeroActualsOnly" />
    </UnitTest>
    <UnitTest name="TeaOnlineShop.Tests.AiAndSecurityTests.WarehouseStaff_CanSubmitButCannotApproveOperationalHistory" storage="c:\users\mrmra\desktop\do-not-submit-smarttea-validation-work\documentationvalidation-20260819-174117\teaonlineshop.tests\bin\release\net8.0\teaonlineshop.tests.dll" id="ff3dff08-1ef0-a699-1b62-673949159a52">
      <Execution id="4d821c09-493c-4e43-b915-7b43cf91eac0" />
      <TestMethod codeBase="C:\Users\mrmra\Desktop\DO-NOT-SUBMIT-SmartTea-Validation-Work\DocumentationValidation-20260819-174117\TeaOnlineShop.Tests\bin\Release\net8.0\TeaOnlineShop.Tests.dll" adapterTypeName="executor://xunit/VsTestRunner2/netcoreapp" className="TeaOnlineShop.Tests.AiAndSecurityTests" name="WarehouseStaff_CanSubmitButCannotApproveOperationalHistory" />
    </UnitTest>
    <UnitTest name="TeaOnlineShop.Tests.AiAndSecurityTests.CustomerAccountAndOrderingActions_RequireAuthentication" storage="c:\users\mrmra\desktop\do-not-submit-smarttea-validation-work\documentationvalidation-20260819-174117\teaonlineshop.tests\bin\release\net8.0\teaonlineshop.tests.dll" id="49862568-b433-0f25-93ae-3e990aa30c5b">
      <Execution id="c36acab7-7ba4-4b19-9231-b5d3df468d29" />
      <TestMethod codeBase="C:\Users\mrmra\Desktop\DO-NOT-SUBMIT-SmartTea-Validation-Work\DocumentationValidation-20260819-174117\TeaOnlineShop.Tests\bin\Release\net8.0\TeaOnlineShop.Tests.dll" adapterTypeName="executor://xunit/VsTestRunner2/netcoreapp" className="TeaOnlineShop.Tests.AiAndSecurityTests" name="CustomerAccountAndOrderingActions_RequireAuthentication" />
    </UnitTest>
    <UnitTest name="TeaOnlineShop.Tests.AiAndSecurityTests.OperationalImport_RejectsClearlyLabelledResearchProvenance" storage="c:\users\mrmra\desktop\do-not-submit-smarttea-validation-work\documentationvalidation-20260819-174117\teaonlineshop.tests\bin\release\net8.0\teaonlineshop.tests.dll" id="c67c975d-bb58-a798-59b2-a2489b6664a4">
      <Execution id="c703e9f8-5722-49ee-9b91-0dc91e58b3e7" />
      <TestMethod codeBase="C:\Users\mrmra\Desktop\DO-NOT-SUBMIT-SmartTea-Validation-Work\DocumentationValidation-20260819-174117\TeaOnlineShop.Tests\bin\Release\net8.0\TeaOnlineShop.Tests.dll" adapterTypeName="executor://xunit/VsTestRunner2/netcoreapp" className="TeaOnlineShop.Tests.AiAndSecurityTests" name="OperationalImport_RejectsClearlyLabelledResearchProvenance" />
    </UnitTest>
    <UnitTest name="TeaOnlineShop.Tests.AiAndSecurityTests.OperationalImport_UsesControlledMovementSemantics(name: &quot;ProductionUsage&quot;, direction: -1, demand: True)" storage="c:\users\mrmra\desktop\do-not-submit-smarttea-validation-work\documentationvalidation-20260819-174117\teaonlineshop.tests\bin\release\net8.0\teaonlineshop.tests.dll" id="c4d77826-db46-02b7-260c-b0e2ddf01524">
      <Execution id="f79e28ab-7f18-4ef8-88c1-be6ca2b2f69e" />
      <TestMethod codeBase="C:\Users\mrmra\Desktop\DO-NOT-SUBMIT-SmartTea-Validation-Work\DocumentationValidation-20260819-174117\TeaOnlineShop.Tests\bin\Release\net8.0\TeaOnlineShop.Tests.dll" adapterTypeName="executor://xunit/VsTestRunner2/netcoreapp" className="TeaOnlineShop.Tests.AiAndSecurityTests" name="OperationalImport_UsesControlledMovementSemantics" />
    </UnitTest>
    <UnitTest name="TeaOnlineShop.Tests.AiAndSecurityTests.OperationalImport_RequiresExplicitSourceTimezone(value: &quot;2026-07-14 08:30:00&quot;, expected: False)" storage="c:\users\mrmra\desktop\do-not-submit-smarttea-validation-work\documentationvalidation-20260819-174117\teaonlineshop.tests\bin\release\net8.0\teaonlineshop.tests.dll" id="614f08d9-bf21-27c1-7050-bf132dd16107">
      <Execution id="b7dfa20d-3243-49c2-a1a2-630f8b0bcbdd" />
      <TestMethod codeBase="C:\Users\mrmra\Desktop\DO-NOT-SUBMIT-SmartTea-Validation-Work\DocumentationValidation-20260819-174117\TeaOnlineShop.Tests\bin\Release\net8.0\TeaOnlineShop.Tests.dll" adapterTypeName="executor://xunit/VsTestRunner2/netcoreapp" className="TeaOnlineShop.Tests.AiAndSecurityTests" name="OperationalImport_RequiresExplicitSourceTimezone" />
    </UnitTest>
    <UnitTest name="TeaOnlineShop.Tests.AiAndSecurityTests.OperationalImport_RequiresExplicitSourceTimezone(value: &quot;2026-07-14T08:30:00Z&quot;, expected: True)" storage="c:\users\mrmra\desktop\do-not-submit-smarttea-validation-work\documentationvalidation-20260819-174117\teaonlineshop.tests\bin\release\net8.0\teaonlineshop.tests.dll" id="01f15238-12f0-ee3a-78f2-57f4c3197cf9">
      <Execution id="ef9a48dc-eb6e-4e50-b56e-03eb06ca5cdb" />
      <TestMethod codeBase="C:\Users\mrmra\Desktop\DO-NOT-SUBMIT-SmartTea-Validation-Work\DocumentationValidation-20260819-174117\TeaOnlineShop.Tests\bin\Release\net8.0\TeaOnlineShop.Tests.dll" adapterTypeName="executor://xunit/VsTestRunner2/netcoreapp" className="TeaOnlineShop.Tests.AiAndSecurityTests" name="OperationalImport_RequiresExplicitSourceTimezone" />
    </UnitTest>
    <UnitTest name="TeaOnlineShop.Tests.AiAndSecurityTests.PublicRegistration_CannotSelectAnInternalRole" storage="c:\users\mrmra\desktop\do-not-submit-smarttea-validation-work\documentationvalidation-20260819-174117\teaonlineshop.tests\bin\release\net8.0\teaonlineshop.tests.dll" id="a53c6cbe-bd0c-2267-ed18-9b283b897954">
      <Execution id="6e701950-2944-4d45-8490-429a3c7f45fb" />
      <TestMethod codeBase="C:\Users\mrmra\Desktop\DO-NOT-SUBMIT-SmartTea-Validation-Work\DocumentationValidation-20260819-174117\TeaOnlineShop.Tests\bin\Release\net8.0\TeaOnlineShop.Tests.dll" adapterTypeName="executor://xunit/VsTestRunner2/netcoreapp" className="TeaOnlineShop.Tests.AiAndSecurityTests" name="PublicRegistration_CannotSelectAnInternalRole" />
    </UnitTest>
    <UnitTest name="TeaOnlineShop.Tests.AiAndSecurityTests.OperationalImport_NormalizesMassToKilograms(unit: &quot;tonne&quot;, expectedText: &quot;12500.0000&quot;)" storage="c:\users\mrmra\desktop\do-not-submit-smarttea-validation-work\documentationvalidation-20260819-174117\teaonlineshop.tests\bin\release\net8.0\teaonlineshop.tests.dll" id="a90e2ba4-10df-5298-40f7-1ec8c914fd20">
      <Execution id="620be484-a237-42a1-acfd-2bf357c27041" />
      <TestMethod codeBase="C:\Users\mrmra\Desktop\DO-NOT-SUBMIT-SmartTea-Validation-Work\DocumentationValidation-20260819-174117\TeaOnlineShop.Tests\bin\Release\net8.0\TeaOnlineShop.Tests.dll" adapterTypeName="executor://xunit/VsTestRunner2/netcoreapp" className="TeaOnlineShop.Tests.AiAndSecurityTests" name="OperationalImport_NormalizesMassToKilograms" />
    </UnitTest>
    <UnitTest name="TeaOnlineShop.Tests.SubmissionHardeningTests.Solution_ContainsApplicationAndVerificationProjects" storage="c:\users\mrmra\desktop\do-not-submit-smarttea-validation-work\documentationvalidation-20260819-174117\teaonlineshop.tests\bin\release\net8.0\teaonlineshop.tests.dll" id="4885ba4f-2bb4-66a7-f068-f3cdff9fe0d9">
      <Execution id="16a6cf26-e947-4050-b39a-b521fbde4b48" />
      <TestMethod codeBase="C:\Users\mrmra\Desktop\DO-NOT-SUBMIT-SmartTea-Validation-Work\DocumentationValidation-20260819-174117\TeaOnlineShop.Tests\bin\Release\net8.0\TeaOnlineShop.Tests.dll" adapterTypeName="executor://xunit/VsTestRunner2/netcoreapp" className="TeaOnlineShop.Tests.SubmissionHardeningTests" name="Solution_ContainsApplicationAndVerificationProjects" />
    </UnitTest>
    <UnitTest name="TeaOnlineShop.Tests.AiAndSecurityTests.DemandHistoryCoverage_RequiresTheCompleteInputWindow" storage="c:\users\mrmra\desktop\do-not-submit-smarttea-validation-work\documentationvalidation-20260819-174117\teaonlineshop.tests\bin\release\net8.0\teaonlineshop.tests.dll" id="c6f8414f-7234-35df-8f9e-745810fca4f4">
      <Execution id="66b5ceba-26fb-42c5-b82f-f21a29557e14" />
      <TestMethod codeBase="C:\Users\mrmra\Desktop\DO-NOT-SUBMIT-SmartTea-Validation-Work\DocumentationValidation-20260819-174117\TeaOnlineShop.Tests\bin\Release\net8.0\TeaOnlineShop.Tests.dll" adapterTypeName="executor://xunit/VsTestRunner2/netcoreapp" className="TeaOnlineShop.Tests.AiAndSecurityTests" name="DemandHistoryCoverage_RequiresTheCompleteInputWindow" />
    </UnitTest>
    <UnitTest name="TeaOnlineShop.Tests.AiAndSecurityTests.OperationalImport_UsesControlledMovementSemantics(name: &quot;CustomerOrder&quot;, direction: -1, demand: True)" storage="c:\users\mrmra\desktop\do-not-submit-smarttea-validation-work\documentationvalidation-20260819-174117\teaonlineshop.tests\bin\release\net8.0\teaonlineshop.tests.dll" id="e053a7a9-7c78-f954-0234-ec8a330afef0">
      <Execution id="a52a928b-33af-48f4-a934-92793ee80c38" />
      <TestMethod codeBase="C:\Users\mrmra\Desktop\DO-NOT-SUBMIT-SmartTea-Validation-Work\DocumentationValidation-20260819-174117\TeaOnlineShop.Tests\bin\Release\net8.0\TeaOnlineShop.Tests.dll" adapterTypeName="executor://xunit/VsTestRunner2/netcoreapp" className="TeaOnlineShop.Tests.AiAndSecurityTests" name="OperationalImport_UsesControlledMovementSemantics" />
    </UnitTest>
    <UnitTest name="TeaOnlineShop.Tests.AiAndSecurityTests.OperationalImport_HasStableIdempotencyAndReconciliationRules" storage="c:\users\mrmra\desktop\do-not-submit-smarttea-validation-work\documentationvalidation-20260819-174117\teaonlineshop.tests\bin\release\net8.0\teaonlineshop.tests.dll" id="a1c915e2-28ce-3ed4-bbf6-9c8c2b10d5ce">
      <Execution id="e2360e38-70fd-41c6-8483-0d677f78260b" />
      <TestMethod codeBase="C:\Users\mrmra\Desktop\DO-NOT-SUBMIT-SmartTea-Validation-Work\DocumentationValidation-20260819-174117\TeaOnlineShop.Tests\bin\Release\net8.0\TeaOnlineShop.Tests.dll" adapterTypeName="executor://xunit/VsTestRunner2/netcoreapp" className="TeaOnlineShop.Tests.AiAndSecurityTests" name="OperationalImport_HasStableIdempotencyAndReconciliationRules" />
    </UnitTest>
    <UnitTest name="TeaOnlineShop.Tests.AiAndSecurityTests.DemandForecast_AllowsOnlyDeployedModelHorizons(horizonDays: 30)" storage="c:\users\mrmra\desktop\do-not-submit-smarttea-validation-work\documentationvalidation-20260819-174117\teaonlineshop.tests\bin\release\net8.0\teaonlineshop.tests.dll" id="e7e04dfe-c408-65a6-7d63-761e5ec1f899">
      <Execution id="22b43068-1cbb-42d0-bbb9-7a884fe7db0c" />
      <TestMethod codeBase="C:\Users\mrmra\Desktop\DO-NOT-SUBMIT-SmartTea-Validation-Work\DocumentationValidation-20260819-174117\TeaOnlineShop.Tests\bin\Release\net8.0\TeaOnlineShop.Tests.dll" adapterTypeName="executor://xunit/VsTestRunner2/netcoreapp" className="TeaOnlineShop.Tests.AiAndSecurityTests" name="DemandForecast_AllowsOnlyDeployedModelHorizons" />
    </UnitTest>
    <UnitTest name="TeaOnlineShop.Tests.AiAndSecurityTests.WarehouseAdjustment_EnforcesTheStricterConfiguredLimit" storage="c:\users\mrmra\desktop\do-not-submit-smarttea-validation-work\documentationvalidation-20260819-174117\teaonlineshop.tests\bin\release\net8.0\teaonlineshop.tests.dll" id="8f4cb7a8-26f2-a8e0-a79b-2cee38194c78">
      <Execution id="7daf141c-e2e8-4e1a-8e9b-4e55a5a27f7a" />
      <TestMethod codeBase="C:\Users\mrmra\Desktop\DO-NOT-SUBMIT-SmartTea-Validation-Work\DocumentationValidation-20260819-174117\TeaOnlineShop.Tests\bin\Release\net8.0\TeaOnlineShop.Tests.dll" adapterTypeName="executor://xunit/VsTestRunner2/netcoreapp" className="TeaOnlineShop.Tests.AiAndSecurityTests" name="WarehouseAdjustment_EnforcesTheStricterConfiguredLimit" />
    </UnitTest>
    <UnitTest name="TeaOnlineShop.Tests.AiAndSecurityTests.DeployedDemandMetadata_DeclaresExpectedArtifactsAndMetrics" storage="c:\users\mrmra\desktop\do-not-submit-smarttea-validation-work\documentationvalidation-20260819-174117\teaonlineshop.tests\bin\release\net8.0\teaonlineshop.tests.dll" id="5c5d09b9-d279-7ab8-2421-1fab26066ecd">
      <Execution id="b0ba0be2-c2b2-49d0-8a87-0c34683eae78" />
      <TestMethod codeBase="C:\Users\mrmra\Desktop\DO-NOT-SUBMIT-SmartTea-Validation-Work\DocumentationValidation-20260819-174117\TeaOnlineShop.Tests\bin\Release\net8.0\TeaOnlineShop.Tests.dll" adapterTypeName="executor://xunit/VsTestRunner2/netcoreapp" className="TeaOnlineShop.Tests.AiAndSecurityTests" name="DeployedDemandMetadata_DeclaresExpectedArtifactsAndMetrics" />
    </UnitTest>
    <UnitTest name="TeaOnlineShop.Tests.AiAndSecurityTests.OperationalImport_NormalizesMassToKilograms(unit: &quot;kg&quot;, expectedText: &quot;12.5000&quot;)" storage="c:\users\mrmra\desktop\do-not-submit-smarttea-validation-work\documentationvalidation-20260819-174117\teaonlineshop.tests\bin\release\net8.0\teaonlineshop.tests.dll" id="b69989af-4781-077d-17fc-0cc0d1b09357">
      <Execution id="111f0fc9-b924-4605-9840-34ce6462ba54" />
      <TestMethod codeBase="C:\Users\mrmra\Desktop\DO-NOT-SUBMIT-SmartTea-Validation-Work\DocumentationValidation-20260819-174117\TeaOnlineShop.Tests\bin\Release\net8.0\TeaOnlineShop.Tests.dll" adapterTypeName="executor://xunit/VsTestRunner2/netcoreapp" className="TeaOnlineShop.Tests.AiAndSecurityTests" name="OperationalImport_NormalizesMassToKilograms" />
    </UnitTest>
    <UnitTest name="TeaOnlineShop.Tests.AiAndSecurityTests.OperationalImport_UsesControlledMovementSemantics(name: &quot;Damage&quot;, direction: -1, demand: False)" storage="c:\users\mrmra\desktop\do-not-submit-smarttea-validation-work\documentationvalidation-20260819-174117\teaonlineshop.tests\bin\release\net8.0\teaonlineshop.tests.dll" id="74b11720-43e9-da1c-fe5c-c5cd7290c3a3">
      <Execution id="6f4d9a9c-6968-4b08-87cc-357bf7f7a50c" />
      <TestMethod codeBase="C:\Users\mrmra\Desktop\DO-NOT-SUBMIT-SmartTea-Validation-Work\DocumentationValidation-20260819-174117\TeaOnlineShop.Tests\bin\Release\net8.0\TeaOnlineShop.Tests.dll" adapterTypeName="executor://xunit/VsTestRunner2/netcoreapp" className="TeaOnlineShop.Tests.AiAndSecurityTests" name="OperationalImport_UsesControlledMovementSemantics" />
    </UnitTest>
    <UnitTest name="TeaOnlineShop.Tests.AiAndSecurityTests.DemandForecast_AllowsOnlyDeployedModelHorizons(horizonDays: 60)" storage="c:\users\mrmra\desktop\do-not-submit-smarttea-validation-work\documentationvalidation-20260819-174117\teaonlineshop.tests\bin\release\net8.0\teaonlineshop.tests.dll" id="910ac77e-8059-9adf-379a-5dfb9c3a4342">
      <Execution id="72019775-a571-4c5f-9076-03ea815411e6" />
      <TestMethod codeBase="C:\Users\mrmra\Desktop\DO-NOT-SUBMIT-SmartTea-Validation-Work\DocumentationValidation-20260819-174117\TeaOnlineShop.Tests\bin\Release\net8.0\TeaOnlineShop.Tests.dll" adapterTypeName="executor://xunit/VsTestRunner2/netcoreapp" className="TeaOnlineShop.Tests.AiAndSecurityTests" name="DemandForecast_AllowsOnlyDeployedModelHorizons" />
    </UnitTest>
    <UnitTest name="TeaOnlineShop.Tests.AiAndSecurityTests.OperationalImport_NormalizesMassToKilograms(unit: &quot;g&quot;, expectedText: &quot;0.0125&quot;)" storage="c:\users\mrmra\desktop\do-not-submit-smarttea-validation-work\documentationvalidation-20260819-174117\teaonlineshop.tests\bin\release\net8.0\teaonlineshop.tests.dll" id="af97da3c-280c-a687-c045-a0c6dac82f57">
      <Execution id="c5c7d819-c70e-4bcc-8c0a-549944771cb9" />
      <TestMethod codeBase="C:\Users\mrmra\Desktop\DO-NOT-SUBMIT-SmartTea-Validation-Work\DocumentationValidation-20260819-174117\TeaOnlineShop.Tests\bin\Release\net8.0\TeaOnlineShop.Tests.dll" adapterTypeName="executor://xunit/VsTestRunner2/netcoreapp" className="TeaOnlineShop.Tests.AiAndSecurityTests" name="OperationalImport_NormalizesMassToKilograms" />
    </UnitTest>
    <UnitTest name="TeaOnlineShop.Tests.AiAndSecurityTests.EveryAdminController_InheritsTheProtectedAdminBase" storage="c:\users\mrmra\desktop\do-not-submit-smarttea-validation-work\documentationvalidation-20260819-174117\teaonlineshop.tests\bin\release\net8.0\teaonlineshop.tests.dll" id="5b1ef181-2d5f-5bc5-57e4-9a8d63ab7924">
      <Execution id="ae4083a4-80e9-4d93-b7f9-aedb6b09dec1" />
      <TestMethod codeBase="C:\Users\mrmra\Desktop\DO-NOT-SUBMIT-SmartTea-Validation-Work\DocumentationValidation-20260819-174117\TeaOnlineShop.Tests\bin\Release\net8.0\TeaOnlineShop.Tests.dll" adapterTypeName="executor://xunit/VsTestRunner2/netcoreapp" className="TeaOnlineShop.Tests.AiAndSecurityTests" name="EveryAdminController_InheritsTheProtectedAdminBase" />
    </UnitTest>
    <UnitTest name="TeaOnlineShop.Tests.AiAndSecurityTests.InternalRoles_AreDistinctFromCustomerAndRequireMfa" storage="c:\users\mrmra\desktop\do-not-submit-smarttea-validation-work\documentationvalidation-20260819-174117\teaonlineshop.tests\bin\release\net8.0\teaonlineshop.tests.dll" id="da64ce71-b2a4-baf2-1bd5-23d5718bccb6">
      <Execution id="0b10c0ba-c9b3-444e-9abe-ca29fbee19d0" />
      <TestMethod codeBase="C:\Users\mrmra\Desktop\DO-NOT-SUBMIT-SmartTea-Validation-Work\DocumentationValidation-20260819-174117\TeaOnlineShop.Tests\bin\Release\net8.0\TeaOnlineShop.Tests.dll" adapterTypeName="executor://xunit/VsTestRunner2/netcoreapp" className="TeaOnlineShop.Tests.AiAndSecurityTests" name="InternalRoles_AreDistinctFromCustomerAndRequireMfa" />
    </UnitTest>
    <UnitTest name="TeaOnlineShop.Tests.AiAndSecurityTests.RoleMatrix_SeparatesOperationalAndPrivilegedDuties" storage="c:\users\mrmra\desktop\do-not-submit-smarttea-validation-work\documentationvalidation-20260819-174117\teaonlineshop.tests\bin\release\net8.0\teaonlineshop.tests.dll" id="649026a6-f1d7-c5dc-af2e-8178b8ac5b4a">
      <Execution id="273d8405-a52b-43de-9167-1ba58d7c7d65" />
      <TestMethod codeBase="C:\Users\mrmra\Desktop\DO-NOT-SUBMIT-SmartTea-Validation-Work\DocumentationValidation-20260819-174117\TeaOnlineShop.Tests\bin\Release\net8.0\TeaOnlineShop.Tests.dll" adapterTypeName="executor://xunit/VsTestRunner2/netcoreapp" className="TeaOnlineShop.Tests.AiAndSecurityTests" name="RoleMatrix_SeparatesOperationalAndPrivilegedDuties" />
    </UnitTest>
    <UnitTest name="TeaOnlineShop.Tests.AiAndSecurityTests.DevelopmentMailSink_WritesTokensOutsideWebRoot" storage="c:\users\mrmra\desktop\do-not-submit-smarttea-validation-work\documentationvalidation-20260819-174117\teaonlineshop.tests\bin\release\net8.0\teaonlineshop.tests.dll" id="86345559-5b1a-0441-fb5d-b60ed5176b4e">
      <Execution id="d460ff6b-ca08-42ea-b56e-f0c87b1d8b00" />
      <TestMethod codeBase="C:\Users\mrmra\Desktop\DO-NOT-SUBMIT-SmartTea-Validation-Work\DocumentationValidation-20260819-174117\TeaOnlineShop.Tests\bin\Release\net8.0\TeaOnlineShop.Tests.dll" adapterTypeName="executor://xunit/VsTestRunner2/netcoreapp" className="TeaOnlineShop.Tests.AiAndSecurityTests" name="DevelopmentMailSink_WritesTokensOutsideWebRoot" />
    </UnitTest>
    <UnitTest name="TeaOnlineShop.Tests.SubmissionHardeningTests.DemandPage_DoesNotOfferAClientControlledDataSource" storage="c:\users\mrmra\desktop\do-not-submit-smarttea-validation-work\documentationvalidation-20260819-174117\teaonlineshop.tests\bin\release\net8.0\teaonlineshop.tests.dll" id="f0f807fe-a9be-313d-796f-a14ec00ce69c">
      <Execution id="cdfabb07-d851-42ec-a7fe-dd23a5b04208" />
      <TestMethod codeBase="C:\Users\mrmra\Desktop\DO-NOT-SUBMIT-SmartTea-Validation-Work\DocumentationValidation-20260819-174117\TeaOnlineShop.Tests\bin\Release\net8.0\TeaOnlineShop.Tests.dll" adapterTypeName="executor://xunit/VsTestRunner2/netcoreapp" className="TeaOnlineShop.Tests.SubmissionHardeningTests" name="DemandPage_DoesNotOfferAClientControlledDataSource" />
    </UnitTest>
    <UnitTest name="TeaOnlineShop.Tests.AiAndSecurityTests.OperationalImport_RequiresExplicitSourceTimezone(value: &quot;2026-07-14T08:30:00+05:30&quot;, expected: True)" storage="c:\users\mrmra\desktop\do-not-submit-smarttea-validation-work\documentationvalidation-20260819-174117\teaonlineshop.tests\bin\release\net8.0\teaonlineshop.tests.dll" id="023ca299-517b-d9cb-e31d-43d001db9020">
      <Execution id="5d1b438d-964d-4c8d-af83-52a237c00e88" />
      <TestMethod codeBase="C:\Users\mrmra\Desktop\DO-NOT-SUBMIT-SmartTea-Validation-Work\DocumentationValidation-20260819-174117\TeaOnlineShop.Tests\bin\Release\net8.0\TeaOnlineShop.Tests.dll" adapterTypeName="executor://xunit/VsTestRunner2/netcoreapp" className="TeaOnlineShop.Tests.AiAndSecurityTests" name="OperationalImport_RequiresExplicitSourceTimezone" />
    </UnitTest>
    <UnitTest name="TeaOnlineShop.Tests.SubmissionHardeningTests.DatabaseSetup_IsNonDestructive" storage="c:\users\mrmra\desktop\do-not-submit-smarttea-validation-work\documentationvalidation-20260819-174117\teaonlineshop.tests\bin\release\net8.0\teaonlineshop.tests.dll" id="bd86ca26-62c1-15b9-d990-2751df4872aa">
      <Execution id="01ad6880-6e34-417d-9120-5366cbce0357" />
      <TestMethod codeBase="C:\Users\mrmra\Desktop\DO-NOT-SUBMIT-SmartTea-Validation-Work\DocumentationValidation-20260819-174117\TeaOnlineShop.Tests\bin\Release\net8.0\TeaOnlineShop.Tests.dll" adapterTypeName="executor://xunit/VsTestRunner2/netcoreapp" className="TeaOnlineShop.Tests.SubmissionHardeningTests" name="DatabaseSetup_IsNonDestructive" />
    </UnitTest>
    <UnitTest name="TeaOnlineShop.Tests.AiAndSecurityTests.DemandForecast_AllowsOnlyDeployedModelHorizons(horizonDays: 45)" storage="c:\users\mrmra\desktop\do-not-submit-smarttea-validation-work\documentationvalidation-20260819-174117\teaonlineshop.tests\bin\release\net8.0\teaonlineshop.tests.dll" id="64064fa3-17b7-adcc-c914-88befb77eb8a">
      <Execution id="97b649c4-2149-4037-880c-72df62786f1d" />
      <TestMethod codeBase="C:\Users\mrmra\Desktop\DO-NOT-SUBMIT-SmartTea-Validation-Work\DocumentationValidation-20260819-174117\TeaOnlineShop.Tests\bin\Release\net8.0\TeaOnlineShop.Tests.dll" adapterTypeName="executor://xunit/VsTestRunner2/netcoreapp" className="TeaOnlineShop.Tests.AiAndSecurityTests" name="DemandForecast_AllowsOnlyDeployedModelHorizons" />
    </UnitTest>
    <UnitTest name="TeaOnlineShop.Tests.AiAndSecurityTests.TeaInventoryCreate_RequiresAValidPermanentItemCode" storage="c:\users\mrmra\desktop\do-not-submit-smarttea-validation-work\documentationvalidation-20260819-174117\teaonlineshop.tests\bin\release\net8.0\teaonlineshop.tests.dll" id="9ca34ac8-03e0-01fa-5595-b94ee3a3ac5c">
      <Execution id="f9633f7e-4450-4fc8-aeb7-5941badfceac" />
      <TestMethod codeBase="C:\Users\mrmra\Desktop\DO-NOT-SUBMIT-SmartTea-Validation-Work\DocumentationValidation-20260819-174117\TeaOnlineShop.Tests\bin\Release\net8.0\TeaOnlineShop.Tests.dll" adapterTypeName="executor://xunit/VsTestRunner2/netcoreapp" className="TeaOnlineShop.Tests.AiAndSecurityTests" name="TeaInventoryCreate_RequiresAValidPermanentItemCode" />
    </UnitTest>
  </TestDefinitions>
  <TestEntries>
    <TestEntry testId="c67c975d-bb58-a798-59b2-a2489b6664a4" executionId="c703e9f8-5722-49ee-9b91-0dc91e58b3e7" testListId="8c84fa94-04c1-424b-9868-57a2d4851a1d" />
    <TestEntry testId="c6f8414f-7234-35df-8f9e-745810fca4f4" executionId="66b5ceba-26fb-42c5-b82f-f21a29557e14" testListId="8c84fa94-04c1-424b-9868-57a2d4851a1d" />
    <TestEntry testId="23bec9a7-3548-c964-6eb3-604d2785bba8" executionId="6862a71a-8e11-44a5-8d96-1f247fdc2286" testListId="8c84fa94-04c1-424b-9868-57a2d4851a1d" />
    <TestEntry testId="f0f807fe-a9be-313d-796f-a14ec00ce69c" executionId="cdfabb07-d851-42ec-a7fe-dd23a5b04208" testListId="8c84fa94-04c1-424b-9868-57a2d4851a1d" />
    <TestEntry testId="af97da3c-280c-a687-c045-a0c6dac82f57" executionId="c5c7d819-c70e-4bcc-8c0a-549944771cb9" testListId="8c84fa94-04c1-424b-9868-57a2d4851a1d" />
    <TestEntry testId="f844be87-543a-026a-d48d-d73d6b2fbc7b" executionId="53398278-22da-4ab6-b9d9-da896b474024" testListId="8c84fa94-04c1-424b-9868-57a2d4851a1d" />
    <TestEntry testId="649026a6-f1d7-c5dc-af2e-8178b8ac5b4a" executionId="273d8405-a52b-43de-9167-1ba58d7c7d65" testListId="8c84fa94-04c1-424b-9868-57a2d4851a1d" />
    <TestEntry testId="023ca299-517b-d9cb-e31d-43d001db9020" executionId="5d1b438d-964d-4c8d-af83-52a237c00e88" testListId="8c84fa94-04c1-424b-9868-57a2d4851a1d" />
    <TestEntry testId="a1c915e2-28ce-3ed4-bbf6-9c8c2b10d5ce" executionId="e2360e38-70fd-41c6-8483-0d677f78260b" testListId="8c84fa94-04c1-424b-9868-57a2d4851a1d" />
    <TestEntry testId="01f15238-12f0-ee3a-78f2-57f4c3197cf9" executionId="ef9a48dc-eb6e-4e50-b56e-03eb06ca5cdb" testListId="8c84fa94-04c1-424b-9868-57a2d4851a1d" />
    <TestEntry testId="ba269157-4fa6-7bc6-ed86-d34ec7d2e7e3" executionId="b26a21ae-d1eb-4121-9443-c3241814484e" testListId="8c84fa94-04c1-424b-9868-57a2d4851a1d" />
    <TestEntry testId="2487b769-c845-6555-bb94-13c561818066" executionId="94fbdd4b-66e8-4eb8-ba2d-777402ce46c8" testListId="8c84fa94-04c1-424b-9868-57a2d4851a1d" />
    <TestEntry testId="614f08d9-bf21-27c1-7050-bf132dd16107" executionId="b7dfa20d-3243-49c2-a1a2-630f8b0bcbdd" testListId="8c84fa94-04c1-424b-9868-57a2d4851a1d" />
    <TestEntry testId="a53c6cbe-bd0c-2267-ed18-9b283b897954" executionId="6e701950-2944-4d45-8490-429a3c7f45fb" testListId="8c84fa94-04c1-424b-9868-57a2d4851a1d" />
    <TestEntry testId="c4d77826-db46-02b7-260c-b0e2ddf01524" executionId="f79e28ab-7f18-4ef8-88c1-be6ca2b2f69e" testListId="8c84fa94-04c1-424b-9868-57a2d4851a1d" />
    <TestEntry testId="86345559-5b1a-0441-fb5d-b60ed5176b4e" executionId="d460ff6b-ca08-42ea-b56e-f0c87b1d8b00" testListId="8c84fa94-04c1-424b-9868-57a2d4851a1d" />
    <TestEntry testId="5b1ef181-2d5f-5bc5-57e4-9a8d63ab7924" executionId="ae4083a4-80e9-4d93-b7f9-aedb6b09dec1" testListId="8c84fa94-04c1-424b-9868-57a2d4851a1d" />
    <TestEntry testId="910ac77e-8059-9adf-379a-5dfb9c3a4342" executionId="72019775-a571-4c5f-9076-03ea815411e6" testListId="8c84fa94-04c1-424b-9868-57a2d4851a1d" />
    <TestEntry testId="8f4cb7a8-26f2-a8e0-a79b-2cee38194c78" executionId="7daf141c-e2e8-4e1a-8e9b-4e55a5a27f7a" testListId="8c84fa94-04c1-424b-9868-57a2d4851a1d" />
    <TestEntry testId="4885ba4f-2bb4-66a7-f068-f3cdff9fe0d9" executionId="16a6cf26-e947-4050-b39a-b521fbde4b48" testListId="8c84fa94-04c1-424b-9868-57a2d4851a1d" />
    <TestEntry testId="74b11720-43e9-da1c-fe5c-c5cd7290c3a3" executionId="6f4d9a9c-6968-4b08-87cc-357bf7f7a50c" testListId="8c84fa94-04c1-424b-9868-57a2d4851a1d" />
    <TestEntry testId="64064fa3-17b7-adcc-c914-88befb77eb8a" executionId="97b649c4-2149-4037-880c-72df62786f1d" testListId="8c84fa94-04c1-424b-9868-57a2d4851a1d" />
    <TestEntry testId="da64ce71-b2a4-baf2-1bd5-23d5718bccb6" executionId="0b10c0ba-c9b3-444e-9abe-ca29fbee19d0" testListId="8c84fa94-04c1-424b-9868-57a2d4851a1d" />
    <TestEntry testId="bd86ca26-62c1-15b9-d990-2751df4872aa" executionId="01ad6880-6e34-417d-9120-5366cbce0357" testListId="8c84fa94-04c1-424b-9868-57a2d4851a1d" />
    <TestEntry testId="9ca34ac8-03e0-01fa-5595-b94ee3a3ac5c" executionId="f9633f7e-4450-4fc8-aeb7-5941badfceac" testListId="8c84fa94-04c1-424b-9868-57a2d4851a1d" />
    <TestEntry testId="968ed5c5-b41a-ae43-73a2-36790b8a902f" executionId="8b771d19-9c0f-4a14-9121-11bde2c2ea88" testListId="8c84fa94-04c1-424b-9868-57a2d4851a1d" />
    <TestEntry testId="ff3dff08-1ef0-a699-1b62-673949159a52" executionId="4d821c09-493c-4e43-b915-7b43cf91eac0" testListId="8c84fa94-04c1-424b-9868-57a2d4851a1d" />
    <TestEntry testId="49862568-b433-0f25-93ae-3e990aa30c5b" executionId="c36acab7-7ba4-4b19-9231-b5d3df468d29" testListId="8c84fa94-04c1-424b-9868-57a2d4851a1d" />
    <TestEntry testId="b16df6ab-e1ff-3c74-8864-6803f05f5bc2" executionId="3c3c0b50-1af9-49ef-acec-4fc540c6d1a5" testListId="8c84fa94-04c1-424b-9868-57a2d4851a1d" />
    <TestEntry testId="b69989af-4781-077d-17fc-0cc0d1b09357" executionId="111f0fc9-b924-4605-9840-34ce6462ba54" testListId="8c84fa94-04c1-424b-9868-57a2d4851a1d" />
    <TestEntry testId="e7e04dfe-c408-65a6-7d63-761e5ec1f899" executionId="22b43068-1cbb-42d0-bbb9-7a884fe7db0c" testListId="8c84fa94-04c1-424b-9868-57a2d4851a1d" />
    <TestEntry testId="e053a7a9-7c78-f954-0234-ec8a330afef0" executionId="a52a928b-33af-48f4-a934-92793ee80c38" testListId="8c84fa94-04c1-424b-9868-57a2d4851a1d" />
    <TestEntry testId="a90e2ba4-10df-5298-40f7-1ec8c914fd20" executionId="620be484-a237-42a1-acfd-2bf357c27041" testListId="8c84fa94-04c1-424b-9868-57a2d4851a1d" />
    <TestEntry testId="5c5d09b9-d279-7ab8-2421-1fab26066ecd" executionId="b0ba0be2-c2b2-49d0-8a87-0c34683eae78" testListId="8c84fa94-04c1-424b-9868-57a2d4851a1d" />
  </TestEntries>
  <TestLists>
    <TestList name="Results Not in a List" id="8c84fa94-04c1-424b-9868-57a2d4851a1d" />
    <TestList name="All Loaded Results" id="19431567-8539-422a-85d7-44ee4e166bda" />
  </TestLists>
  <ResultSummary outcome="Completed">
    <Counters total="34" executed="34" passed="34" failed="0" error="0" timeout="0" aborted="0" inconclusive="0" passedButRunAborted="0" notRunnable="0" notExecuted="0" disconnected="0" warning="0" completed="0" inProgress="0" pending="0" />
    <Output>
      <StdOut>[xUnit.net 00:00:00.00] xUnit.net VSTest Adapter v2.8.2+699d445a1a (64-bit .NET 8.0.28)&#xD;
[xUnit.net 00:00:02.08]   Discovering: TeaOnlineShop.Tests&#xD;
[xUnit.net 00:00:02.11]   Discovered:  TeaOnlineShop.Tests&#xD;
[xUnit.net 00:00:02.11]   Starting:    TeaOnlineShop.Tests&#xD;
[xUnit.net 00:00:04.54]   Finished:    TeaOnlineShop.Tests&#xD;
</StdOut>
    </Output>
  </ResultSummary>
</TestRun>